INFO     Api_automation.utils.helpers:helpers.py:29 Status validation passed: 200
INFO     Api_automation.utils.helpers:helpers.py:48 Field 'userId' validation passed
INFO     Api_automation.utils.helpers:helpers.py:69 Field 'userId' validation passed: 123
INFO     Api_automation.tests.test_example:test_example.py:72 Response validation tests passed
INFO     Api_automation.tests.test_example:test_example.py:97 Test data builder tests passed
DEBUG    asyncio:proactor_events.py:631 Using proactor: IocpProactor
INFO     Api_automation.tests.test_network_operations:test_network_operations.py:37 Successfully mocked no orders response
INFO     Api_automation.tests.test_network_operations:test_network_operations.py:52 Successfully mocked order details response
INFO     Api_automation.services.sync_api_client:sync_api_client.py:161 User asifms@gmail.com logged in successfully
INFO     Api_automation.utils.api_utils:api_utils.py:39 Token obtained successfully
INFO     Api_automation.tests.test_network_operations:test_network_operations.py:75 Session storage test passed
INFO     Api_automation.services.sync_api_client:sync_api_client.py:161 User asifms@gmail.com logged in successfully
INFO     Api_automation.utils.api_utils:api_utils.py:39 Token obtained successfully
INFO     Api_automation.services.sync_api_client:sync_api_client.py:209 Order created successfully: 6a284cc117ee3e78bacba60c
INFO     Api_automation.utils.api_utils:api_utils.py:59 Order created: 6a284cc117ee3e78bacba60c
INFO     Api_automation.tests.test_network_operations:test_network_operations.py:108 E2E test passed - Order 6a284cc117ee3e78bacba60c verified in UI
